// Jest Snapshot v1, https://goo.gl/fbAQLP

exports[`first Test 1`] = `[TypeError: index.get is not a function]`;
